Microsoft Windows [Version 10.0.18363.900]
(c) 2019 Microsoft Corporation. All rights reserved.

C:\Users\Ankush sharma>cd GIT
The system cannot find the path specified.

C:\Users\Ankush sharma>cd GIT/
The system cannot find the path specified.

C:\Users\Ankush sharma>cd GIT\
The system cannot find the path specified.

C:\Users\Ankush sharma>cd desktop

C:\Users\Ankush sharma\Desktop>cd GIT

C:\Users\Ankush sharma\Desktop\GIT>dir
 Volume in drive C is Windows
 Volume Serial Number is 36A3-5FA6

 Directory of C:\Users\Ankush sharma\Desktop\GIT

10-07-2020  23:25    <DIR>          .
10-07-2020  23:25    <DIR>          ..
10-07-2020  23:26                13 ankush.py.txt
               1 File(s)             13 bytes
               2 Dir(s)  82,083,786,752 bytes free

C:\Users\Ankush sharma\Desktop\GIT>git init
Initialized empty Git repository in C:/Users/Ankush sharma/Desktop/GIT/.git/

C:\Users\Ankush sharma\Desktop\GIT>git status
On branch master

No commits yet

Untracked files:
  (use "git add <file>..." to include in what will be committed)
        ankush.py.txt

nothing added to commit but untracked files present (use "git add" to track)

C:\Users\Ankush sharma\Desktop\GIT>git add ankush.py
fatal: pathspec 'ankush.py' did not match any files

C:\Users\Ankush sharma\Desktop\GIT>git status
On branch master

No commits yet

Untracked files:
  (use "git add <file>..." to include in what will be committed)
        ankush.py.txt

nothing added to commit but untracked files present (use "git add" to track)

C:\Users\Ankush sharma\Desktop\GIT>git add ankush.py.txt

C:\Users\Ankush sharma\Desktop\GIT>git status
On branch master

No commits yet

Changes to be committed:
  (use "git rm --cached <file>..." to unstage)
        new file:   ankush.py.txt


C:\Users\Ankush sharma\Desktop\GIT>git commit -m"ankush here"
[master (root-commit) 428b8ce] ankush here
 1 file changed, 1 insertion(+)
 create mode 100644 ankush.py.txt

C:\Users\Ankush sharma\Desktop\GIT>git status
On branch master
nothing to commit, working tree clean

C:\Users\Ankush sharma\Desktop\GIT> git log
commit 428b8ce15227a1d35284c5f25b6a12d9e299f7fd (HEAD -> master)
Author: Ankush1456 <ankush1241998@gmail.com>
Date:   Sat Jul 11 00:07:08 2020 +0530

    ankush here

C:\Users\Ankush sharma\Desktop\GIT>






C:\Users\Ankush sharma\Desktop\GIT>git branch dev

C:\Users\Ankush sharma\Desktop\GIT>git checkout dev
Switched to branch 'dev'

C:\Users\Ankush sharma\Desktop\GIT>git status
On branch dev
Changes not staged for commit:
  (use "git add <file>..." to update what will be committed)
  (use "git restore <file>..." to discard changes in working directory)
        modified:   ankush.py.txt

no changes added to commit (use "git add" and/or "git commit -a")

C:\Users\Ankush sharma\Desktop\GIT>git commit -am"changes happen"
[dev 0c9c72e] changes happen
 1 file changed, 2 insertions(+)

C:\Users\Ankush sharma\Desktop\GIT>git status
On branch dev
nothing to commit, working tree clean

C:\Users\Ankush sharma\Desktop\GIT>git checkout master
Switched to branch 'master'

C:\Users\Ankush sharma\Desktop\GIT>git checkout dev
Switched to branch 'dev'

C:\Users\Ankush sharma\Desktop\GIT>git checkout master
Switched to branch 'master'

C:\Users\Ankush sharma\Desktop\GIT>git merge dev
Updating 2f3f7fe..0c9c72e
Fast-forward
 ankush.py.txt | 2 ++
 1 file changed, 2 insertions(+)

C:\Users\Ankush sharma\Desktop\GIT>git status
On branch master
nothing to commit, working tree clean

C:\Users\Ankush sharma\Desktop\GIT>








C:\Users\Ankush sharma\Desktop\GIT>git status
On branch master
nothing to commit, working tree clean

C:\Users\Ankush sharma\Desktop\GIT>git remote add origin  https://github.com/Ankush1456/GIT_basics.git

C:\Users\Ankush sharma\Desktop\GIT>git remote -v
origin  https://github.com/Ankush1456/GIT_basics.git (fetch)
origin  https://github.com/Ankush1456/GIT_basics.git (push)

C:\Users\Ankush sharma\Desktop\GIT>git push -u origin master
Enumerating objects: 9, done.
Counting objects: 100% (9/9), done.
Delta compression using up to 4 threads
Compressing objects: 100% (6/6), done.
Writing objects: 100% (9/9), 1.48 KiB | 189.00 KiB/s, done.
Total 9 (delta 0), reused 0 (delta 0)
To https://github.com/Ankush1456/GIT_basics.git
 * [new branch]      master -> master
Branch 'master' set up to track remote branch 'master' from 'origin'.

C:\Users\Ankush sharma\Desktop\GIT>git checkout dev
Switched to branch 'dev'
M       GIT_Commands.txt

C:\Users\Ankush sharma\Desktop\GIT>git commit -am"new change happen"
[dev 1df92f3] new change happen
 1 file changed, 47 insertions(+)

C:\Users\Ankush sharma\Desktop\GIT>git push origin dev
Enumerating objects: 5, done.
Counting objects: 100% (5/5), done.
Delta compression using up to 4 threads
Compressing objects: 100% (3/3), done.
Writing objects: 100% (3/3), 678 bytes | 678.00 KiB/s, done.
Total 3 (delta 1), reused 0 (delta 0)
remote: Resolving deltas: 100% (1/1), completed with 1 local object.
remote:
remote: Create a pull request for 'dev' on GitHub by visiting:
remote:      https://github.com/Ankush1456/GIT_basics/pull/new/dev
remote:
To https://github.com/Ankush1456/GIT_basics.git
 * [new branch]      dev -> dev

C:\Users\Ankush sharma\Desktop\GIT>git pull
remote: Enumerating objects: 1, done.
remote: Counting objects: 100% (1/1), done.
remote: Total 1 (delta 0), reused 0 (delta 0), pack-reused 0
Unpacking objects: 100% (1/1), 622 bytes | 24.00 KiB/s, done.
From https://github.com/Ankush1456/GIT_basics
   0c9c72e..eb5538d  master     -> origin/master
There is no tracking information for the current branch.
Please specify which branch you want to merge with.
See git-pull(1) for details.

    git pull <remote> <branch>

If you wish to set tracking information for this branch you can do so with:

    git branch --set-upstream-to=origin/<branch> dev


C:\Users\Ankush sharma\Desktop\GIT>git pull dev
fatal: 'dev' does not appear to be a git repository
fatal: Could not read from remote repository.

Please make sure you have the correct access rights
and the repository exists.

C:\Users\Ankush sharma\Desktop\GIT>git pull origin dev
From https://github.com/Ankush1456/GIT_basics
 * branch            dev        -> FETCH_HEAD
Already up to date.

C:\Users\Ankush sharma\Desktop\GIT>git push
fatal: The current branch dev has no upstream branch.
To push the current branch and set the remote as upstream, use

    git push --set-upstream origin dev


C:\Users\Ankush sharma\Desktop\GIT>git push --set-upstream origin dev
Everything up-to-date
Branch 'dev' set up to track remote branch 'dev' from 'origin'.

C:\Users\Ankush sharma\Desktop\GIT>git pull
remote: Enumerating objects: 4, done.
remote: Counting objects: 100% (4/4), done.
remote: Compressing objects: 100% (2/2), done.
remote: Total 3 (delta 0), reused 0 (delta 0), pack-reused 0
Unpacking objects: 100% (3/3), 725 bytes | 3.00 KiB/s, done.
From https://github.com/Ankush1456/GIT_basics
   eb5538d..8cba1b4  master     -> origin/master
Already up to date.

C:\Users\Ankush sharma\Desktop\GIT>git add .

C:\Users\Ankush sharma\Desktop\GIT>git status
On branch dev
Your branch is up to date with 'origin/dev'.

nothing to commit, working tree clean

C:\Users\Ankush sharma\Desktop\GIT>